
Error: read ECONNRESET
    at Pipe.onStreamRead (node:internal/stream_base_commons:220:20)
    at Pipe.callbackTrampoline (node:internal/async_hooks:130:17)

Error: read ECONNRESET
    at Pipe.onStreamRead (node:internal/stream_base_commons:220:20)
    at Pipe.callbackTrampoline (node:internal/async_hooks:130:17)

Error: read ECONNRESET
    at Pipe.onStreamRead (node:internal/stream_base_commons:220:20)
    at Pipe.callbackTrampoline (node:internal/async_hooks:130:17)

Error: read ECONNRESET
    at Pipe.onStreamRead (node:internal/stream_base_commons:220:20)
    at Pipe.callbackTrampoline (node:internal/async_hooks:130:17)

Error: read ECONNRESET
    at Pipe.onStreamRead (node:internal/stream_base_commons:220:20)
    at Pipe.callbackTrampoline (node:internal/async_hooks:130:17)

Error: write EPIPE
    at ChildProcess.target._send (node:internal/child_process:846:20)
    at ChildProcess.target.send (node:internal/child_process:719:19)
    at Worker.send (node:internal/cluster/worker:46:10)
    at RawSubprocessStream._write (/home/jerem_n49/Ludimon/lib/process-manager.ts:91:24)
    at RawSubprocessStream.write (/home/jerem_n49/Ludimon/lib/streams.ts:836:15)
    at _class.socketSend (/home/jerem_n49/Ludimon/server/sockets.ts:98:22)
    at Connection.send (/home/jerem_n49/Ludimon/server/users.ts:263:11)
    at GlobalRoomState.handleConnect (/home/jerem_n49/Ludimon/server/rooms.ts:1576:14)
    at Object.socketConnect (/home/jerem_n49/Ludimon/server/users.ts:1621:2)
    at _class.onSpawn (/home/jerem_n49/Ludimon/server/sockets.ts:34:11)

Error: read ECONNRESET
    at Pipe.onStreamRead (node:internal/stream_base_commons:220:20)
    at Pipe.callbackTrampoline (node:internal/async_hooks:130:17)

Error: read ECONNRESET
    at Pipe.onStreamRead (node:internal/stream_base_commons:220:20)
    at Pipe.callbackTrampoline (node:internal/async_hooks:130:17)

Error: read ECONNRESET
    at Pipe.onStreamRead (node:internal/stream_base_commons:220:20)
    at Pipe.callbackTrampoline (node:internal/async_hooks:130:17)

Error: read ECONNRESET
    at Pipe.onStreamRead (node:internal/stream_base_commons:220:20)
    at Pipe.callbackTrampoline (node:internal/async_hooks:130:17)

Error: bind EADDRINUSE 0.0.0.0:8000
    at listenOnPrimaryHandle (node:net:1401:18)
    at rr (node:internal/cluster/child:155:12)
    at Worker.<anonymous> (node:internal/cluster/child:109:7)
    at process.onInternalMessage (node:internal/cluster/utils:49:5)
    at process.emit (node:events:402:35)
    at process.emit (node:domain:475:12)
    at process.emit.sharedData.processEmitHook.installedValue [as emit] (/home/jerem_n49/jerem/pokemon-showdown/node_modules/@cspotcode/source-map-support/source-map-support.js:613:40)
    at emit (node:internal/child_process:917:12)
    at processTicksAndRejections (node:internal/process/task_queues:84:21)

Error: bind EADDRINUSE 0.0.0.0:8000
    at listenOnPrimaryHandle (node:net:1401:18)
    at rr (node:internal/cluster/child:155:12)
    at Worker.<anonymous> (node:internal/cluster/child:109:7)
    at process.onInternalMessage (node:internal/cluster/utils:49:5)
    at process.emit (node:events:402:35)
    at process.emit (node:domain:475:12)
    at process.emit.sharedData.processEmitHook.installedValue [as emit] (/home/jerem_n49/jerem/pokemon-showdown/node_modules/@cspotcode/source-map-support/source-map-support.js:613:40)
    at emit (node:internal/child_process:917:12)
    at processTicksAndRejections (node:internal/process/task_queues:84:21)
